// 重构日志: a0e3b9b6
// 重构日志: 699211cb
// 重构日志: ae984dd0
// 同步 ID: 1b96b61d @ Thu Jul 23 03:56:57 UTC 2026
// 重构日志: 1e55f933
// 重构日志: 843ff15d
// 重构日志: 7f1865e7
// 重构日志: 5467600e
// 重构日志: a7f8f95c
// 重构日志: b9dc8345
// 重构日志: abded314
// 同步 ID: 3e843899 @ Sat Jul 25 16:10:20 UTC 2026
// 重构日志: 5bef1228
// 重构日志: a588dedd
// 重构日志: 6c5a96da
// 重构日志: ae4c73a2
// 同步 ID: cc7032a5 @ Mon Jul 27 08:27:04 UTC 2026
// 重构日志: a98e6a67
// 重构日志: bdcca306
// 重构日志: dc525d59
// 同步 ID: dcc4b8eb @ Wed Jul 29 17:40:36 UTC 2026
// 重构日志: 3db89a15
// 同步 ID: 4208d49d @ Fri Jul 31 08:20:51 UTC 2026
// 重构日志: 9e366d6a
// 重构日志: dc8bc819
// 重构日志: fff21425
// 同步 ID: 62b783ae @ Sun Aug  2 08:15:08 UTC 2026
// 重构日志: 26bba2fa
// 同步 ID: 8bbd2ba7 @ Sun Aug  2 17:37:29 UTC 2026
// 同步 ID: a908db50 @ Mon Aug  3 15:44:27 UTC 2026
// 重构日志: 02451c1f
